src/components/Dashboard.tsx(7,1): error TS6133: 'WorkoutHistory' is declared but its value is never read.
src/components/layout/Sidebar.tsx(51,13): error TS6133: 'user' is declared but its value is never read.
src/components/Navbar.tsx(2,1): error TS6133: 'Link' is declared but its value is never read.
src/components/ui/Button.tsx(2,18): error TS1484: 'HTMLMotionProps' is a type and must be imported using a type-only import when 'verbatimModuleSyntax' is enabled.
src/components/ui/Card.tsx(2,18): error TS1484: 'HTMLMotionProps' is a type and must be imported using a type-only import when 'verbatimModuleSyntax' is enabled.
src/components/UserProfile.tsx(1,27): error TS6133: 'useEffect' is declared but its value is never read.
src/components/UserProfile.tsx(3,15): error TS6133: 'getDoc' is declared but its value is never read.
src/components/UserProfile.tsx(4,1): error TS6133: 'auth' is declared but its value is never read.
src/contexts/ThemeContext.tsx(1,65): error TS1484: 'ReactNode' is a type and must be imported using a type-only import when 'verbatimModuleSyntax' is enabled.
src/contexts/UserContext.tsx(1,65): error TS1484: 'ReactNode' is a type and must be imported using a type-only import when 'verbatimModuleSyntax' is enabled.
src/contexts/UserContext.tsx(2,10): error TS1484: 'User' is a type and must be imported using a type-only import when 'verbatimModuleSyntax' is enabled.
src/contexts/UserContext.tsx(3,15): error TS6133: 'getDoc' is declared but its value is never read.
src/pages/DashboardPage.tsx(117,35): error TS6133: 'i' is declared but its value is never read.
